
> NX {workspaceRoot}\jest.preset.js does not start with {workspaceRoot}/. This will throw an error in Nx 20.


 NX   Running targets lint, test for 5 projects:

- shared-models
- vlass-api-e2e
- vlass-web-e2e
- vlass-api
- vlass-web

With additional flags:
  --interactive=false



> nx run vlass-api:test --no-interactive  [local cache]

[2m> [22mjest --passWithNoTests=true --no-interactive

[0m[7m[1m[32m PASS [39m[22m[27m[0m [0m[7m[37m vlass-api [39m[27m[0m [2msrc/app/config/[22m[1msecurity.config.spec.ts[22m
[0m[7m[1m[32m PASS [39m[22m[27m[0m [0m[7m[37m vlass-api [39m[27m[0m [2msrc/app/guards/[22m[1mrate-limit.guard.spec.ts[22m
[0m[7m[1m[32m PASS [39m[22m[27m[0m [0m[7m[37m vlass-api [39m[27m[0m [2msrc/app/ephemeris/[22m[1mephemeris.service.spec.ts[22m
[0m[7m[1m[32m PASS [39m[22m[27m[0m [0m[7m[37m vlass-api [39m[27m[0m [2msrc/app/ephemeris/[22m[1mephemeris.controller.spec.ts[22m
[0m[7m[1m[32m PASS [39m[22m[27m[0m [0m[7m[37m vlass-api [39m[27m[0m [2msrc/app/auth/strategies/[22m[1mjwt.strategy.spec.ts[22m
[0m[7m[1m[32m PASS [39m[22m[27m[0m [0m[7m[37m vlass-api [39m[27m[0m [2msrc/app/profile/[22m[1mprofile.service.spec.ts[22m
[0m[7m[1m[32m PASS [39m[22m[27m[0m [0m[7m[37m vlass-api [39m[27m[0m [2msrc/app/[22m[1mapp.service.spec.ts[22m
[0m[7m[1m[32m PASS [39m[22m[27m[0m [0m[7m[37m vlass-api [39m[27m[0m [2msrc/app/profile/[22m[1mprofile.controller.spec.ts[22m
[0m[7m[1m[32m PASS [39m[22m[27m[0m [0m[7m[37m vlass-api [39m[27m[0m [2msrc/app/auth/[22m[1mauth.service.spec.ts[22m
[0m[7m[1m[32m PASS [39m[22m[27m[0m [0m[7m[37m vlass-api [39m[27m[0m [2msrc/app/viewer/[22m[1mviewer.controller.spec.ts[22m
[0m[7m[1m[32m PASS [39m[22m[27m[0m [0m[7m[37m vlass-api [39m[27m[0m [2msrc/app/viewer/[22m[1mviewer.service.spec.ts[22m
[0m[7m[1m[32m PASS [39m[22m[27m[0m [0m[7m[37m vlass-api [39m[27m[0m [2msrc/app/auth/[22m[1mauth.controller.spec.ts[22m
[32m[Nest] 38600  - [39m02/11/2026, 9:59:13 AM [32m    LOG[39m [38;5;3m[AppService] [39m[32mDatabase status: connected[39m
[32m[Nest] 38600  - [39m02/11/2026, 9:59:13 AM [32m    LOG[39m [38;5;3m[AppService] [39m[32mDatabase status: connected[39m
[32m[Nest] 41636  - [39m02/11/2026, 9:59:13 AM [32m    LOG[39m [38;5;3m[ViewerService] [39m[32mCutout cache miss (source=none, provider=primary, survey=CDS/P/DSS2/color, size=1024x1024).[39m
[32m[Nest] 41636  - [39m02/11/2026, 9:59:13 AM [32m    LOG[39m [38;5;3m[ViewerService] [39m[32mCutout cache miss (source=none, provider=primary, survey=CDS/VLASS, size=1024x1024).[39m
[32m[Nest] 41636  - [39m02/11/2026, 9:59:13 AM [32m    LOG[39m [38;5;3m[ViewerService] [39m[32mCutout cache miss (source=none, provider=primary, survey=CDS/VLASS, size=2048x2048).[39m
[32m[Nest] 41636  - [39m02/11/2026, 9:59:13 AM [32m    LOG[39m [38;5;3m[ViewerService] [39m[32mCutout cache miss (source=none, provider=primary, survey=CDS/VLASS, size=1024x1024).[39m
[32m[Nest] 41636  - [39m02/11/2026, 9:59:13 AM [32m    LOG[39m [38;5;3m[ViewerService] [39m[32mCutout cache miss (source=none, provider=secondary, survey=CDS/VLASS, size=1024x1024).[39m
[32m[Nest] 41636  - [39m02/11/2026, 9:59:13 AM [32m    LOG[39m [38;5;3m[ViewerService] [39m[32mNearby-label cache miss (source=none, limit=10, radius_deg=0.08).[39m
[0m[7m[1m[32m PASS [39m[22m[27m[0m [0m[7m[37m vlass-api [39m[27m[0m [2msrc/app/[22m[1mapp.controller.spec.ts[22m

[1mTest Suites: [22m[1m[32m13 passed[39m[22m, 13 total
[1mTests:       [22m[1m[32m110 passed[39m[22m, 110 total
[1mSnapshots:   [22m0 total
[1mTime:[22m        2.006 s
[2mRan all test suites[22m[2m.[22m

> nx run vlass-api:lint --no-interactive

> eslint . --no-interactive

Invalid option '--interactive' - perhaps you meant '--ignore'?
You're using eslint.config.js, some command line flags are no longer available. Please see https://eslint.org/docs/latest/use/command-line-interface for details.
> eslint . --no-interactive

Invalid option '--interactive' - perhaps you meant '--ignore'?
You're using eslint.config.js, some command line flags are no longer available. Please see https://eslint.org/docs/latest/use/command-line-interface for details.
Warning: command "eslint . --no-interactive" exited with non-zero status code
> nx run vlass-web:test --no-interactive


[0m[7m[1m[31m NX [39m[22m[27m[0m  [31m'interactive' is not found in schema[39m



> nx run vlass-web-e2e:lint --no-interactive

> eslint . --no-interactive

Invalid option '--interactive' - perhaps you meant '--ignore'?
You're using eslint.config.js, some command line flags are no longer available. Please see https://eslint.org/docs/latest/use/command-line-interface for details.
> eslint . --no-interactive

Invalid option '--interactive' - perhaps you meant '--ignore'?
You're using eslint.config.js, some command line flags are no longer available. Please see https://eslint.org/docs/latest/use/command-line-interface for details.
Warning: command "eslint . --no-interactive" exited with non-zero status code
> nx run vlass-api-e2e:lint --no-interactive

> eslint . --no-interactive

Invalid option '--interactive' - perhaps you meant '--ignore'?
You're using eslint.config.js, some command line flags are no longer available. Please see https://eslint.org/docs/latest/use/command-line-interface for details.
> eslint . --no-interactive

Invalid option '--interactive' - perhaps you meant '--ignore'?
You're using eslint.config.js, some command line flags are no longer available. Please see https://eslint.org/docs/latest/use/command-line-interface for details.
Warning: command "eslint . --no-interactive" exited with non-zero status code
> nx run shared-models:lint --no-interactive

> eslint . --no-interactive

Invalid option '--interactive' - perhaps you meant '--ignore'?
You're using eslint.config.js, some command line flags are no longer available. Please see https://eslint.org/docs/latest/use/command-line-interface for details.
> eslint . --no-interactive

Invalid option '--interactive' - perhaps you meant '--ignore'?
You're using eslint.config.js, some command line flags are no longer available. Please see https://eslint.org/docs/latest/use/command-line-interface for details.
Warning: command "eslint . --no-interactive" exited with non-zero status code
> nx run shared-models:test --no-interactive

> vitest --no-interactive

file:///C:/repos/vlass-portal/node_modules/.pnpm/vitest@4.0.18_@types+node@2_ca1e1c156bb5e3bf39cd789db85b3fdd/node_modules/vitest/dist/chunks/cac.DVeoLl0M.js:404
          throw new CACError(`Unknown option \`${name.length > 1 ? `--${name}` : `-${name}`}\``);
                ^

CACError: Unknown option `--interactive`
    at Command.checkUnknownOptions (file:///C:/repos/vlass-portal/node_modules/[4m.pnpm[24m/vitest@4.0.18_@types+node@2_ca1e1c156bb5e3bf39cd789db85b3fdd/node_modules/[4mvitest[24m/dist/chunks/cac.DVeoLl0M.js:404:17)
    at CAC.runMatchedCommand (file:///C:/repos/vlass-portal/node_modules/[4m.pnpm[24m/vitest@4.0.18_@types+node@2_ca1e1c156bb5e3bf39cd789db85b3fdd/node_modules/[4mvitest[24m/dist/chunks/cac.DVeoLl0M.js:604:13)
    at CAC.parse (file:///C:/repos/vlass-portal/node_modules/[4m.pnpm[24m/vitest@4.0.18_@types+node@2_ca1e1c156bb5e3bf39cd789db85b3fdd/node_modules/[4mvitest[24m/dist/chunks/cac.DVeoLl0M.js:545:12)
    at file:///C:/repos/vlass-portal/node_modules/[4m.pnpm[24m/vitest@4.0.18_@types+node@2_ca1e1c156bb5e3bf39cd789db85b3fdd/node_modules/[4mvitest[24m/dist/cli.js:28:13
[90m    at ModuleJob.run (node:internal/modules/esm/module_job:271:25)[39m
[90m    at async onImport.tracePromise.__proto__ (node:internal/modules/esm/loader:578:26)[39m
[90m    at async asyncRunEntryPointWithESMLoader (node:internal/modules/run_main:116:5)[39m

Node.js v22.14.0
> vitest --no-interactive

file:///C:/repos/vlass-portal/node_modules/.pnpm/vitest@4.0.18_@types+node@2_ca1e1c156bb5e3bf39cd789db85b3fdd/node_modules/vitest/dist/chunks/cac.DVeoLl0M.js:404
          throw new CACError(`Unknown option \`${name.length > 1 ? `--${name}` : `-${name}`}\``);
                ^

CACError: Unknown option `--interactive`
    at Command.checkUnknownOptions (file:///C:/repos/vlass-portal/node_modules/[4m.pnpm[24m/vitest@4.0.18_@types+node@2_ca1e1c156bb5e3bf39cd789db85b3fdd/node_modules/[4mvitest[24m/dist/chunks/cac.DVeoLl0M.js:404:17)
    at CAC.runMatchedCommand (file:///C:/repos/vlass-portal/node_modules/[4m.pnpm[24m/vitest@4.0.18_@types+node@2_ca1e1c156bb5e3bf39cd789db85b3fdd/node_modules/[4mvitest[24m/dist/chunks/cac.DVeoLl0M.js:604:13)
    at CAC.parse (file:///C:/repos/vlass-portal/node_modules/[4m.pnpm[24m/vitest@4.0.18_@types+node@2_ca1e1c156bb5e3bf39cd789db85b3fdd/node_modules/[4mvitest[24m/dist/chunks/cac.DVeoLl0M.js:545:12)
    at file:///C:/repos/vlass-portal/node_modules/[4m.pnpm[24m/vitest@4.0.18_@types+node@2_ca1e1c156bb5e3bf39cd789db85b3fdd/node_modules/[4mvitest[24m/dist/cli.js:28:13
[90m    at ModuleJob.run (node:internal/modules/esm/module_job:271:25)[39m
[90m    at async onImport.tracePromise.__proto__ (node:internal/modules/esm/loader:578:26)[39m
[90m    at async asyncRunEntryPointWithESMLoader (node:internal/modules/run_main:116:5)[39m

Node.js v22.14.0
Warning: command "vitest --no-interactive" exited with non-zero status code
> nx run vlass-web:lint --no-interactive


Linting "vlass-web"...
[0m[0m
[0m[4mC:\repos\vlass-portal\apps\vlass-web\src\app\features\jobs\jobs-console.component.html[24m[0m
[0m  [2m13:43[22m  [31merror[39m  Use built-in control flow instead of directive ngForOf  [2m@angular-eslint/template/prefer-control-flow[22m[0m
[0m  [2m49:29[22m  [31merror[39m  Use built-in control flow instead of directive ngIf     [2m@angular-eslint/template/prefer-control-flow[22m[0m
[0m  [2m51:31[22m  [31merror[39m  Use built-in control flow instead of directive ngForOf  [2m@angular-eslint/template/prefer-control-flow[22m[0m
[0m  [2m63:33[22m  [31merror[39m  Use built-in control flow instead of directive ngIf     [2m@angular-eslint/template/prefer-control-flow[22m[0m
[0m[0m
[0m[4mC:\repos\vlass-portal\apps\vlass-web\src\app\features\jobs\jobs-console.component.ts[24m[0m
[0m  [2m16:3[22m  [31merror[39m  Components, Directives and Pipes should not opt out of standalone. Following this guide is highly recommended: https://angular.dev/reference/migrations/standalone      [2m@angular-eslint/prefer-standalone[22m[0m
[0m  [2m29:5[22m  [31merror[39m  Prefer using the inject() function over constructor parameter injection. Use Angular's migration schematic to automatically refactor: ng generate @angular/core:inject  [2m@angular-eslint/prefer-inject[22m[0m
[0m  [2m30:5[22m  [31merror[39m  Prefer using the inject() function over constructor parameter injection. Use Angular's migration schematic to automatically refactor: ng generate @angular/core:inject  [2m@angular-eslint/prefer-inject[22m[0m
[0m[0m
[0m[4mC:\repos\vlass-portal\apps\vlass-web\src\app\features\moderation\moderation.component.ts[24m[0m
[0m   [2m9:3[22m   [31merror[39m    Components, Directives and Pipes should not opt out of standalone. Following this guide is highly recommended: https://angular.dev/reference/migrations/standalone  [2m@angular-eslint/prefer-standalone[22m[0m
[0m  [2m32:17[22m  [33mwarning[39m  'err' is defined but never used                                                                                                                                     [2m@typescript-eslint/no-unused-vars[22m[0m
[0m  [2m46:17[22m  [33mwarning[39m  'err' is defined but never used                                                                                                                                     [2m@typescript-eslint/no-unused-vars[22m[0m
[0m  [2m59:17[22m  [33mwarning[39m  'err' is defined but never used                                                                                                                                     [2m@typescript-eslint/no-unused-vars[22m[0m
[0m[0m
[0m[4mC:\repos\vlass-portal\apps\vlass-web\src\app\features\posts\comments-api.service.ts[24m[0m
[0m  [2m63:92[22m  [33mwarning[39m  Unexpected any. Specify a different type  [2m@typescript-eslint/no-explicit-any[22m[0m
[0m  [2m64:27[22m  [33mwarning[39m  Unexpected any. Specify a different type  [2m@typescript-eslint/no-explicit-any[22m[0m
[0m  [2m87:75[22m  [33mwarning[39m  Unexpected any. Specify a different type  [2m@typescript-eslint/no-explicit-any[22m[0m
[0m  [2m88:28[22m  [33mwarning[39m  Unexpected any. Specify a different type  [2m@typescript-eslint/no-explicit-any[22m[0m
[0m[0m
[0m[31m[1m✖ 15 problems (8 errors, 7 warnings)[22m[39m[0m
[0m[31m[1m[22m[39m[0m
✖ 15 problems (8 errors, 7 warnings)




 NX   Running targets lint, test for 5 projects failed

Failed tasks:

- vlass-api:lint
- vlass-web:test
- vlass-web-e2e:lint
- vlass-api-e2e:lint
- shared-models:lint
- shared-models:test
- vlass-web:lint

